[WARNING]: Unable to parse /home/ubuntu/ansible-
network/inventories/lab/hosts.yml as an inventory source
[WARNING]: No inventory was parsed, only implicit localhost is available
[WARNING]: provided hosts list is empty, only localhost is available. Note that
the implicit localhost does not match 'all'
[WARNING]: Could not match supplied host pattern, ignoring: routers
[WARNING]: Could not match supplied host pattern, ignoring: switches
ansible-playbook [core 2.16.3]
  config file = /home/ubuntu/ansible-network/ansible.cfg
  configured module search path = ['/home/ubuntu/.ansible/plugins/modules', '/usr/share/ansible/plugins/modules']
  ansible python module location = /usr/lib/python3/dist-packages/ansible
  ansible collection location = /home/ubuntu/.ansible/collections:/usr/share/ansible/collections
  executable location = /usr/bin/ansible-playbook
  python version = 3.12.3 (main, Jun 18 2025, 17:59:45) [GCC 13.3.0] (/usr/bin/python3)
  jinja version = 3.1.2
  libyaml = True
Using /home/ubuntu/ansible-network/ansible.cfg as config file
Skipping callback 'default', as we already have a stdout callback.
Skipping callback 'minimal', as we already have a stdout callback.
Skipping callback 'oneline', as we already have a stdout callback.

PLAYBOOK: backup.yml ***********************************************************
1 plays in /home/ubuntu/ansible-network/playbooks/backup.yml

PLAY [Backup running-config via SSH (NAT R-W) - no become/authorize] ***********
skipping: no hosts matched

PLAY RECAP *********************************************************************

[main 7243993a9] Auto backup at 2025-08-15 15:07:02
 2 files changed, 30 insertions(+)
 create mode 100644 auto_backup_push.cron.log
 create mode 100644 auto_backup_push.log
To github.com:SIC1740/ansible-network.git
   3f0b9bd32..7243993a9  main -> main
[WARNING]: Unable to parse /home/ubuntu/ansible-
network/inventories/lab/hosts.yml as an inventory source
[WARNING]: No inventory was parsed, only implicit localhost is available
[WARNING]: provided hosts list is empty, only localhost is available. Note that
the implicit localhost does not match 'all'
[WARNING]: Could not match supplied host pattern, ignoring: routers
[WARNING]: Could not match supplied host pattern, ignoring: switches
ansible-playbook [core 2.16.3]
  config file = /home/ubuntu/ansible-network/ansible.cfg
  configured module search path = ['/home/ubuntu/.ansible/plugins/modules', '/usr/share/ansible/plugins/modules']
  ansible python module location = /usr/lib/python3/dist-packages/ansible
  ansible collection location = /home/ubuntu/.ansible/collections:/usr/share/ansible/collections
  executable location = /usr/bin/ansible-playbook
  python version = 3.12.3 (main, Jun 18 2025, 17:59:45) [GCC 13.3.0] (/usr/bin/python3)
  jinja version = 3.1.2
  libyaml = True
Using /home/ubuntu/ansible-network/ansible.cfg as config file
Skipping callback 'default', as we already have a stdout callback.
Skipping callback 'minimal', as we already have a stdout callback.
Skipping callback 'oneline', as we already have a stdout callback.

PLAYBOOK: backup.yml ***********************************************************
1 plays in /home/ubuntu/ansible-network/playbooks/backup.yml

PLAY [Backup running-config via SSH (NAT R-W) - no become/authorize] ***********
skipping: no hosts matched

PLAY RECAP *********************************************************************

