[main cbfcb4fb5] Auto backup at 2025-08-14 15:51:08
 1 file changed, 0 insertions(+), 0 deletions(-)
 create mode 100644 auto_push.log
To github.com:SIC1740/ansible-network.git
   ac32a9807..cbfcb4fb5  main -> main
On branch main
nothing to commit, working tree clean
Everything up-to-date
[main ee3130701] Auto backup at 2025-08-14 16:10:02
 4 files changed, 489 insertions(+)
 create mode 100644 playbooks/backups/R1/20250814_160742/R1_running_20250814_160742.cfg
 create mode 100644 playbooks/backups/R2/20250814_160742/R2_running_20250814_160742.cfg
 create mode 100644 playbooks/backups/RW/20250814_160742/RW_running_20250814_160742.cfg
To github.com:SIC1740/ansible-network.git
   988fd8a87..ee3130701  main -> main
[main 999903237] Auto backup at 2025-08-14 16:20:01
 1 file changed, 7 insertions(+)
To github.com:SIC1740/ansible-network.git
   ee3130701..999903237  main -> main
[main 76758f4fa] Auto backup at 2025-08-14 16:30:01
 1 file changed, 4 insertions(+)
To github.com:SIC1740/ansible-network.git
   999903237..76758f4fa  main -> main
[main a5b717f38] Auto backup at 2025-08-14 16:40:01
 1 file changed, 4 insertions(+)
To github.com:SIC1740/ansible-network.git
   76758f4fa..a5b717f38  main -> main
[main fac29ae29] Auto backup at 2025-08-14 16:50:01
 1 file changed, 4 insertions(+)
To github.com:SIC1740/ansible-network.git
   a5b717f38..fac29ae29  main -> main
